// on github, create new repository, give it a name, click on https and copy the link
// (e.g. https://github.com/andi-u/monsters-rolodex.git)

//after that, in our bash terminal, type:

Octavia@Tavi MINGW64 /d/Andi/Cursuri/CompleteReactDeveloper2020/monsters-rolodex (master)
$ git remote add origin https://github.com/andi-u/monsters-rolodex.git

Octavia@Tavi MINGW64 /d/Andi/Cursuri/CompleteReactDeveloper2020/monsters-rolodex (master)
$ yarn add gh-pages
yarn add v1.19.1
[1/4] Resolving packages...
[2/4] Fetching packages...
info fsevents@2.0.7: The platform "win32" is incompatible with this module.
info "fsevents@2.0.7" is an optional dependency and failed compatibility check. Excluding it from installation.
info fsevents@1.2.9: The platform "win32" is incompatible with this module.
info "fsevents@1.2.9" is an optional dependency and failed compatibility check. Excluding it from installation.
[3/4] Linking dependencies...
warning "react-scripts > @typescript-eslint/eslint-plugin > tsutils@3.17.1" has unmet peer dependency "typescript@>=2.8.0
|| >= 3.2.0-dev || >= 3.3.0-dev || >= 3.4.0-dev || >= 3.5.0-dev || >= 3.6.0-dev || >= 3.6.0-beta || >= 3.7.0-dev || >= 3.7
.0-beta".
[4/4] Building fresh packages...

success Saved lockfile.
warning Your current version of Yarn is out of date. The latest version is "1.21.1", while you're on "1.19.1".
info To upgrade, download the latest installer at "https://yarnpkg.com/latest.msi".
success Saved 12 new dependencies.
info Direct dependencies
├─ gh-pages@2.2.0
├─ react-dom@16.12.0
└─ react@16.12.0
info All dependencies
├─ async@2.6.3
├─ email-addresses@3.1.0
├─ filename-reserved-regex@1.0.0
├─ filenamify-url@1.0.0
├─ filenamify@1.2.1
├─ gh-pages@2.2.0
├─ humanize-url@1.0.1
├─ react-dom@16.12.0
├─ react@16.12.0
├─ strip-outer@1.0.1
├─ strip-url-auth@1.0.1
└─ trim-repeated@1.0.0
Done in 57.09s.

Octavia@Tavi MINGW64 /d/Andi/Cursuri/CompleteReactDeveloper2020/monsters-rolodex (master)
$


// After that, go in the package.json file:
// after the line: "private": true,
// insert a line: "homepage": "https://andi-u.github.io/monsters-rolodex",
// then we have to add two scripts:
// after the line: "eject": "react-scripts eject"
// type ,
// and insert the line: "predeploy": "yarn build",
// and, again, insert the line: "deploy": "gh-pages -d build"


// after that, go to our bash terminal and type:
Octavia@Tavi MINGW64 /d/Andi/Cursuri/CompleteReactDeveloper2020/monsters-rolodex (master)
$ yarn deploy
yarn run v1.19.1
$ yarn build
$ react-scripts build
Creating an optimized production build...
Compiled successfully.

File sizes after gzip:

  40.29 KB (+416 B)  build\static\js\2.f833121f.chunk.js
  940 B (+301 B)     build\static\js\main.d584ba6b.chunk.js
  786 B (+4 B)       build\static\js\runtime-main.b05ca383.js
  677 B (+260 B)     build\static\css\main.13327365.chunk.css

The project was built assuming it is hosted at /monsters-rolodex/.
You can control this with the homepage field in your package.json.

The build folder is ready to be deployed.
To publish it at https://andi-u.github.io/monsters-rolodex , run:

  yarn run deploy

Find out more about deployment here:

  https://bit.ly/CRA-deploy

$ gh-pages -d build
Published
Done in 42.12s.

Octavia@Tavi MINGW64 /d/Andi/Cursuri/CompleteReactDeveloper2020/monsters-rolodex (master)
$